Archive member included because of file (symbol)

/Users/minqi478/Downloads/gcc-arm-none-eabi-4_9-2015q3/bin/../lib/gcc/arm-none-eabi/4.9.3/../../../../arm-none-eabi/lib/armv7e-m/fpu/libc_nano.a(lib_a-exit.o)
                              /Users/minqi478/Downloads/gcc-arm-none-eabi-4_9-2015q3/bin/../lib/gcc/arm-none-eabi/4.9.3/../../../../arm-none-eabi/lib/armv7e-m/fpu/crt0.o (exit)
/Users/minqi478/Downloads/gcc-arm-none-eabi-4_9-2015q3/bin/../lib/gcc/arm-none-eabi/4.9.3/../../../../arm-none-eabi/lib/armv7e-m/fpu/libc_nano.a(lib_a-impure.o)
                              /Users/minqi478/Downloads/gcc-arm-none-eabi-4_9-2015q3/bin/../lib/gcc/arm-none-eabi/4.9.3/../../../../arm-none-eabi/lib/armv7e-m/fpu/libc_nano.a(lib_a-exit.o) (_global_impure_ptr)
/Users/minqi478/Downloads/gcc-arm-none-eabi-4_9-2015q3/bin/../lib/gcc/arm-none-eabi/4.9.3/../../../../arm-none-eabi/lib/armv7e-m/fpu/libc_nano.a(lib_a-init.o)
                              /Users/minqi478/Downloads/gcc-arm-none-eabi-4_9-2015q3/bin/../lib/gcc/arm-none-eabi/4.9.3/../../../../arm-none-eabi/lib/armv7e-m/fpu/crt0.o (__libc_init_array)
/Users/minqi478/Downloads/gcc-arm-none-eabi-4_9-2015q3/bin/../lib/gcc/arm-none-eabi/4.9.3/../../../../arm-none-eabi/lib/armv7e-m/fpu/libc_nano.a(lib_a-memset.o)
                              /Users/minqi478/Downloads/gcc-arm-none-eabi-4_9-2015q3/bin/../lib/gcc/arm-none-eabi/4.9.3/../../../../arm-none-eabi/lib/armv7e-m/fpu/crt0.o (memset)
/Users/minqi478/Downloads/gcc-arm-none-eabi-4_9-2015q3/bin/../lib/gcc/arm-none-eabi/4.9.3/../../../../arm-none-eabi/lib/armv7e-m/fpu/libnosys.a(_exit.o)
                              /Users/minqi478/Downloads/gcc-arm-none-eabi-4_9-2015q3/bin/../lib/gcc/arm-none-eabi/4.9.3/../../../../arm-none-eabi/lib/armv7e-m/fpu/libc_nano.a(lib_a-exit.o) (_exit)
/Users/minqi478/Downloads/gcc-arm-none-eabi-4_9-2015q3/bin/../lib/gcc/arm-none-eabi/4.9.3/../../../../arm-none-eabi/lib/armv7e-m/fpu/libc_nano.a(lib_a-printf.o)
                              _build/main.o (printf)
/Users/minqi478/Downloads/gcc-arm-none-eabi-4_9-2015q3/bin/../lib/gcc/arm-none-eabi/4.9.3/../../../../arm-none-eabi/lib/armv7e-m/fpu/libc_nano.a(lib_a-findfp.o)
                              /Users/minqi478/Downloads/gcc-arm-none-eabi-4_9-2015q3/bin/../lib/gcc/arm-none-eabi/4.9.3/../../../../arm-none-eabi/lib/armv7e-m/fpu/libc_nano.a(lib_a-printf.o) (__sinit)
/Users/minqi478/Downloads/gcc-arm-none-eabi-4_9-2015q3/bin/../lib/gcc/arm-none-eabi/4.9.3/../../../../arm-none-eabi/lib/armv7e-m/fpu/libc_nano.a(lib_a-fwalk.o)
                              /Users/minqi478/Downloads/gcc-arm-none-eabi-4_9-2015q3/bin/../lib/gcc/arm-none-eabi/4.9.3/../../../../arm-none-eabi/lib/armv7e-m/fpu/libc_nano.a(lib_a-findfp.o) (_fwalk)
/Users/minqi478/Downloads/gcc-arm-none-eabi-4_9-2015q3/bin/../lib/gcc/arm-none-eabi/4.9.3/../../../../arm-none-eabi/lib/armv7e-m/fpu/libc_nano.a(lib_a-nano-mallocr.o)
                              /Users/minqi478/Downloads/gcc-arm-none-eabi-4_9-2015q3/bin/../lib/gcc/arm-none-eabi/4.9.3/../../../../arm-none-eabi/lib/armv7e-m/fpu/libc_nano.a(lib_a-findfp.o) (_malloc_r)
/Users/minqi478/Downloads/gcc-arm-none-eabi-4_9-2015q3/bin/../lib/gcc/arm-none-eabi/4.9.3/../../../../arm-none-eabi/lib/armv7e-m/fpu/libc_nano.a(lib_a-nano-vfprintf.o)
                              /Users/minqi478/Downloads/gcc-arm-none-eabi-4_9-2015q3/bin/../lib/gcc/arm-none-eabi/4.9.3/../../../../arm-none-eabi/lib/armv7e-m/fpu/libc_nano.a(lib_a-printf.o) (_vfprintf_r)
/Users/minqi478/Downloads/gcc-arm-none-eabi-4_9-2015q3/bin/../lib/gcc/arm-none-eabi/4.9.3/../../../../arm-none-eabi/lib/armv7e-m/fpu/libc_nano.a(lib_a-nano-vfprintf_i.o)
                              /Users/minqi478/Downloads/gcc-arm-none-eabi-4_9-2015q3/bin/../lib/gcc/arm-none-eabi/4.9.3/../../../../arm-none-eabi/lib/armv7e-m/fpu/libc_nano.a(lib_a-nano-vfprintf.o) (_printf_i)
/Users/minqi478/Downloads/gcc-arm-none-eabi-4_9-2015q3/bin/../lib/gcc/arm-none-eabi/4.9.3/../../../../arm-none-eabi/lib/armv7e-m/fpu/libc_nano.a(lib_a-sbrkr.o)
                              /Users/minqi478/Downloads/gcc-arm-none-eabi-4_9-2015q3/bin/../lib/gcc/arm-none-eabi/4.9.3/../../../../arm-none-eabi/lib/armv7e-m/fpu/libc_nano.a(lib_a-nano-mallocr.o) (_sbrk_r)
/Users/minqi478/Downloads/gcc-arm-none-eabi-4_9-2015q3/bin/../lib/gcc/arm-none-eabi/4.9.3/../../../../arm-none-eabi/lib/armv7e-m/fpu/libc_nano.a(lib_a-stdio.o)
                              /Users/minqi478/Downloads/gcc-arm-none-eabi-4_9-2015q3/bin/../lib/gcc/arm-none-eabi/4.9.3/../../../../arm-none-eabi/lib/armv7e-m/fpu/libc_nano.a(lib_a-findfp.o) (__sread)
/Users/minqi478/Downloads/gcc-arm-none-eabi-4_9-2015q3/bin/../lib/gcc/arm-none-eabi/4.9.3/../../../../arm-none-eabi/lib/armv7e-m/fpu/libc_nano.a(lib_a-wbuf.o)
                              /Users/minqi478/Downloads/gcc-arm-none-eabi-4_9-2015q3/bin/../lib/gcc/arm-none-eabi/4.9.3/../../../../arm-none-eabi/lib/armv7e-m/fpu/libc_nano.a(lib_a-nano-vfprintf.o) (__swbuf_r)
[...]
Memory Configuration

Name             Origin             Length             Attributes
FLASH            0x0000000000000000 0x0000000000080000 xr
RAM              0x0000000020000000 0x0000000000010000 xrw
*default*        0x0000000000000000 0xffffffffffffffff

Linker script and memory map


.text           0x0000000000000000     0x4a58
 *(.isr_vector)
 .isr_vector    0x0000000000000000      0x400 _build/gcc_startup_nrf52.o
                0x0000000000000000                __isr_vector
 *(.text*)
 .text          0x0000000000000400       0x5c /Users/minqi478/Downloads/gcc-arm-none-eabi-4_9-2015q3/bin/../lib/gcc/arm-none-eabi/4.9.3/armv7e-m/fpu/crtbegin.o
 .text          0x000000000000045c       0x74 /Users/minqi478/Downloads/gcc-arm-none-eabi-4_9-2015q3/bin/../lib/gcc/arm-none-eabi/4.9.3/../../../../arm-none-eabi/lib/armv7e-m/fpu/crt0.o
                0x000000000000045c                _mainCRTStartup
                0x000000000000045c                _start
 .text.exit     0x00000000000004d0       0x28 /Users/minqi478/Downloads/gcc-arm-none-eabi-4_9-2015q3/bin/../lib/gcc/arm-none-eabi/4.9.3/../../../../arm-none-eabi/lib/armv7e-m/fpu/libc_nano.a(lib_a-exit.o)
                0x00000000000004d0                exit
 .text.__libc_init_array
                0x00000000000004f8       0x4c /Users/minqi478/Downloads/gcc-arm-none-eabi-4_9-2015q3/bin/../lib/gcc/arm-none-eabi/4.9.3/../../../../arm-none-eabi/lib/armv7e-m/fpu/libc_nano.a(lib_a-init.o)
                0x00000000000004f8                __libc_init_array
 .text.memset   0x0000000000000544       0x10 /Users/minqi478/Downloads/gcc-arm-none-eabi-4_9-2015q3/bin/../lib/gcc/arm-none-eabi/4.9.3/../../../../arm-none-eabi/lib/armv7e-m/fpu/libc_nano.a(lib_a-memset.o)
                0x0000000000000544                memset
 .text._exit    0x0000000000000554        0x4 /Users/minqi478/Downloads/gcc-arm-none-eabi-4_9-2015q3/bin/../lib/gcc/arm-none-eabi/4.9.3/../../../../arm-none-eabi/lib/armv7e-m/fpu/libnosys.a(_exit.o)
                0x0000000000000554                _exit
 .text.detection_delay_timeout_handler
                0x0000000000000558       0xa4 _build/app_button.o
 .text.gpiote_event_handler
                0x00000000000005fc       0x5c _build/app_button.o
 .text.app_button_init
                0x0000000000000658       0xb0 _build/app_button.o
                0x0000000000000658                app_button_init
 .text.app_button_enable
                0x0000000000000708       0x2c _build/app_button.o
                0x0000000000000708                app_button_enable
 .text.app_error_handler_bare
                0x0000000000000734       0x20 _build/app_error.o
                0x0000000000000734                app_error_handler_bare
 .text.app_error_fault_handler
                0x0000000000000754       0x24 _build/app_error_weak.o
                0x0000000000000754                app_error_fault_handler
 .text.app_fifo_init
                0x0000000000000778       0x20 _build/app_fifo.o
                0x0000000000000778                app_fifo_init
 .text.app_fifo_put
                0x0000000000000798       0x30 _build/app_fifo.o
                0x0000000000000798                app_fifo_put
 .text.app_fifo_get
                0x00000000000007c8       0x2c _build/app_fifo.o
                0x00000000000007c8                app_fifo_get
 .text.rtc1_stop
                0x00000000000007f4      0x134 _build/app_timer.o
 .text.RTC1_IRQHandler
                0x0000000000000928       0xc4 _build/app_timer.o
                0x0000000000000928                RTC1_IRQHandler
 .text.SWI0_EGU0_IRQHandler
                0x00000000000009ec      0x4c4 _build/app_timer.o
                0x00000000000009ec                SWI0_EGU0_IRQHandler
 .text.app_timer_init
                0x0000000000000eb0       0xdc _build/app_timer.o
                0x0000000000000eb0                app_timer_init
 .text.app_timer_create
                0x0000000000000f8c       0x24 _build/app_timer.o
                0x0000000000000f8c                app_timer_create
 .text.app_timer_start
                0x0000000000000fb0       0xd4 _build/app_timer.o
                0x0000000000000fb0                app_timer_start
 .text.app_timer_stop
                0x0000000000001084       0xa8 _build/app_timer.o
                0x0000000000001084                app_timer_stop
 .text.app_util_critical_region_enter
                0x000000000000112c       0x10 _build/app_util_platform.o
                0x000000000000112c                app_util_critical_region_enter
 .text.app_util_critical_region_exit
                0x000000000000113c       0x14 _build/app_util_platform.o
                0x000000000000113c                app_util_critical_region_exit
 .text._write   0x0000000000001150       0x1c _build/retarget.o
                0x0000000000001150                _write
 .text._read    0x000000000000116c       0x14 _build/retarget.o
                0x000000000000116c                _read
 .text.uart_event_handler
                0x0000000000001180       0xc0 _build/app_uart_fifo.o
 .text.app_uart_init
                0x0000000000001240       0xcc _build/app_uart_fifo.o
                0x0000000000001240                app_uart_init
 .text.app_uart_get
                0x000000000000130c       0x38 _build/app_uart_fifo.o
                0x000000000000130c                app_uart_get
 .text.app_uart_put
                0x0000000000001344       0x3c _build/app_uart_fifo.o
                0x0000000000001344                app_uart_put
 .text.nrf_drv_clock_init
                0x0000000000001380       0x30 _build/nrf_drv_clock.o
                0x0000000000001380                nrf_drv_clock_init
 .text.nrf_drv_clock_lfclk_request
                0x00000000000013b0       0x60 _build/nrf_drv_clock.o
                0x00000000000013b0                nrf_drv_clock_lfclk_request
 .text.POWER_CLOCK_IRQHandler
                0x0000000000001410       0x78 _build/nrf_drv_clock.o
                0x0000000000001410                POWER_CLOCK_IRQHandler
 .text.nrf_drv_common_irq_enable
                0x0000000000001488       0x50 _build/nrf_drv_common.o
                0x0000000000001488                nrf_drv_common_irq_enable
 .text.nrf_drv_gpiote_init
                0x00000000000014d8       0x70 _build/nrf_drv_gpiote.o
                0x00000000000014d8                nrf_drv_gpiote_init
 .text.nrf_drv_gpiote_is_init
                0x0000000000001548       0x14 _build/nrf_drv_gpiote.o
                0x0000000000001548                nrf_drv_gpiote_is_init
 .text.nrf_drv_gpiote_in_init
                0x000000000000155c      0x194 _build/nrf_drv_gpiote.o
                0x000000000000155c                nrf_drv_gpiote_in_init
 .text.nrf_drv_gpiote_in_event_enable
                0x00000000000016f0       0xc4 _build/nrf_drv_gpiote.o
                0x00000000000016f0                nrf_drv_gpiote_in_event_enable
 .text.nrf_drv_gpiote_in_is_set
                0x00000000000017b4       0x14 _build/nrf_drv_gpiote.o
                0x00000000000017b4                nrf_drv_gpiote_in_is_set
 .text.GPIOTE_IRQHandler
                0x00000000000017c8      0x3d0 _build/nrf_drv_gpiote.o
                0x00000000000017c8                GPIOTE_IRQHandler
 .text.nrf_drv_pwm_init
                0x0000000000001b98      0x1c8 _build/nrf_drv_pwm.o
                0x0000000000001b98                nrf_drv_pwm_init
 .text.nrf_drv_pwm_uninit
                0x0000000000001d60       0x38 _build/nrf_drv_pwm.o
                0x0000000000001d60                nrf_drv_pwm_uninit
 .text.nrf_drv_pwm_simple_playback
                0x0000000000001d98       0xdc _build/nrf_drv_pwm.o
                0x0000000000001d98                nrf_drv_pwm_simple_playback
 .text.nrf_drv_pwm_complex_playback
                0x0000000000001e74       0xb0 _build/nrf_drv_pwm.o
                0x0000000000001e74                nrf_drv_pwm_complex_playback
 .text.PWM0_IRQHandler
                0x0000000000001f24       0x88 _build/nrf_drv_pwm.o
                0x0000000000001f24                PWM0_IRQHandler
 .text.PWM1_IRQHandler
                0x0000000000001fac       0x88 _build/nrf_drv_pwm.o
                0x0000000000001fac                PWM1_IRQHandler
 .text.PWM2_IRQHandler
                0x0000000000002034       0x88 _build/nrf_drv_pwm.o
                0x0000000000002034                PWM2_IRQHandler
 .text.nrf_drv_uart_init
                0x00000000000020bc      0x190 _build/nrf_drv_uart.o
                0x00000000000020bc                nrf_drv_uart_init
 .text.nrf_drv_uart_tx
                0x000000000000224c      0x128 _build/nrf_drv_uart.o
                0x000000000000224c                nrf_drv_uart_tx
 .text.nrf_drv_uart_tx_in_progress
                0x0000000000002374       0x10 _build/nrf_drv_uart.o
                0x0000000000002374                nrf_drv_uart_tx_in_progress
 .text.nrf_drv_uart_rx
                0x0000000000002384      0x1dc _build/nrf_drv_uart.o
                0x0000000000002384                nrf_drv_uart_rx
 .text.nrf_drv_uart_rx_enable
                0x0000000000002560       0x34 _build/nrf_drv_uart.o
                0x0000000000002560                nrf_drv_uart_rx_enable
 .text.UARTE0_UART0_IRQHandler
                0x0000000000002594      0x2c0 _build/nrf_drv_uart.o
                0x0000000000002594                UARTE0_UART0_IRQHandler
 .text.alert_timer_handler
                0x0000000000002854       0x1c _build/bsp.o
 .text.bsp_button_event_handler
                0x0000000000002870       0xc4 _build/bsp.o
 .text.leds_timer_handler
                0x0000000000002934      0x3b4 _build/bsp.o
 .text.button_timer_handler
                0x0000000000002ce8       0x44 _build/bsp.o
 .text.bsp_init
                0x0000000000002d2c       0xbc _build/bsp.o
                0x0000000000002d2c                bsp_init
 .text.bsp_buttons_enable
                0x0000000000002de8        0x4 _build/bsp.o
                0x0000000000002de8                bsp_buttons_enable
 .text.uart_event_handler
                0x0000000000002dec        0x4 _build/main.o
 .text.bsp_evt_handler
                0x0000000000002df0       0xa0 _build/main.o
 .text.demo5    0x0000000000002e90       0x60 _build/main.o
 .text.demo3    0x0000000000002ef0       0x60 _build/main.o
 .text.demo1    0x0000000000002f50       0x74 _build/main.o
 .text.demo4    0x0000000000002fc4      0x3a0 _build/main.o
 .text.demo2    0x0000000000003364      0x298 _build/main.o
 .text.demo1_handler
                0x00000000000035fc       0x4c _build/main.o
 .text.startup.main
                0x0000000000003648       0xb0 _build/main.o
                0x0000000000003648                main
 .text.SystemInit
                0x00000000000036f8      0x2b0 _build/system_nrf52.o
                0x00000000000036f8                SystemInit
 .text          0x00000000000039a8       0x3c _build/gcc_startup_nrf52.o
                0x00000000000039a8                Reset_Handler
                0x00000000000039d0                NMI_Handler
                0x00000000000039d2                HardFault_Handler
                0x00000000000039d4                MemoryManagement_Handler
                0x00000000000039d6                BusFault_Handler
                0x00000000000039d8                UsageFault_Handler
                0x00000000000039da                SVC_Handler
                0x00000000000039dc                DebugMonitor_Handler
                0x00000000000039de                PendSV_Handler
                0x00000000000039e0                SysTick_Handler
                0x00000000000039e2                TIMER4_IRQHandler
                0x00000000000039e2                I2S_IRQHandler
                0x00000000000039e2                SWI4_EGU4_IRQHandler
                0x00000000000039e2                TIMER0_IRQHandler
                0x00000000000039e2                TIMER1_IRQHandler
                0x00000000000039e2                ECB_IRQHandler
                0x00000000000039e2                SPIM1_SPIS1_TWIM1_TWIS1_SPI1_TWI1_IRQHandler
                0x00000000000039e2                Default_Handler
                0x00000000000039e2                SAADC_IRQHandler
                0x00000000000039e2                CCM_AAR_IRQHandler
                0x00000000000039e2                WDT_IRQHandler
                0x00000000000039e2                SWI5_EGU5_IRQHandler
                0x00000000000039e2                RNG_IRQHandler
                0x00000000000039e2                RTC2_IRQHandler
                0x00000000000039e2                SWI3_EGU3_IRQHandler
                0x00000000000039e2                SWI1_EGU1_IRQHandler
                0x00000000000039e2                SPIM2_SPIS2_SPI2_IRQHandler
                0x00000000000039e2                NFCT_IRQHandler
                0x00000000000039e2                MWU_IRQHandler
                0x00000000000039e2                TIMER2_IRQHandler
                0x00000000000039e2                COMP_LPCOMP_IRQHandler
                0x00000000000039e2                RTC0_IRQHandler
                0x00000000000039e2                SWI2_EGU2_IRQHandler
                0x00000000000039e2                RADIO_IRQHandler
                0x00000000000039e2                PDM_IRQHandler
                0x00000000000039e2                TEMP_IRQHandler
                0x00000000000039e2                QDEC_IRQHandler
                0x00000000000039e2                TIMER3_IRQHandler
                0x00000000000039e2                FPU_IRQHandler
                0x00000000000039e2                SPIM0_SPIS0_TWIM0_TWIS0_SPI0_TWI0_IRQHandler
 .text.printf   0x00000000000039e4       0x30 /Users/minqi478/Downloads/gcc-arm-none-eabi-4_9-2015q3/bin/../lib/gcc/arm-none-eabi/4.9.3/../../../../arm-none-eabi/lib/armv7e-m/fpu/libc_nano.a(lib_a-printf.o)
                0x00000000000039e4                printf
                0x00000000000039e4                iprintf
 .text._cleanup_r
                0x0000000000003a14        0xc /Users/minqi478/Downloads/gcc-arm-none-eabi-4_9-2015q3/bin/../lib/gcc/arm-none-eabi/4.9.3/../../../../arm-none-eabi/lib/armv7e-m/fpu/libc_nano.a(lib_a-findfp.o)
                0x0000000000003a14                _cleanup_r
 .text.std.isra.0
                0x0000000000003a20       0x48 /Users/minqi478/Downloads/gcc-arm-none-eabi-4_9-2015q3/bin/../lib/gcc/arm-none-eabi/4.9.3/../../../../arm-none-eabi/lib/armv7e-m/fpu/libc_nano.a(lib_a-findfp.o)
 .text.__sfmoreglue
                0x0000000000003a68       0x2c /Users/minqi478/Downloads/gcc-arm-none-eabi-4_9-2015q3/bin/../lib/gcc/arm-none-eabi/4.9.3/../../../../arm-none-eabi/lib/armv7e-m/fpu/libc_nano.a(lib_a-findfp.o)
                0x0000000000003a68                __sfmoreglue
 .text.__sinit  0x0000000000003a94       0x60 /Users/minqi478/Downloads/gcc-arm-none-eabi-4_9-2015q3/bin/../lib/gcc/arm-none-eabi/4.9.3/../../../../arm-none-eabi/lib/armv7e-m/fpu/libc_nano.a(lib_a-findfp.o)
                0x0000000000003a94                __sinit
 .text.__sfp    0x0000000000003af4       0x74 /Users/minqi478/Downloads/gcc-arm-none-eabi-4_9-2015q3/bin/../lib/gcc/arm-none-eabi/4.9.3/../../../../arm-none-eabi/lib/armv7e-m/fpu/libc_nano.a(lib_a-findfp.o)
                0x0000000000003af4                __sfp
 .text._fwalk_reent
                0x0000000000003b68       0x3c /Users/minqi478/Downloads/gcc-arm-none-eabi-4_9-2015q3/bin/../lib/gcc/arm-none-eabi/4.9.3/../../../../arm-none-eabi/lib/armv7e-m/fpu/libc_nano.a(lib_a-fwalk.o)
                0x0000000000003b68                _fwalk_reent
 .text._malloc_r
                0x0000000000003ba4       0xac /Users/minqi478/Downloads/gcc-arm-none-eabi-4_9-2015q3/bin/../lib/gcc/arm-none-eabi/4.9.3/../../../../arm-none-eabi/lib/armv7e-m/fpu/libc_nano.a(lib_a-nano-mallocr.o)
                0x0000000000003ba4                _malloc_r
 .text.__sfputc_r
                0x0000000000003c50       0x2c /Users/minqi478/Downloads/gcc-arm-none-eabi-4_9-2015q3/bin/../lib/gcc/arm-none-eabi/4.9.3/../../../../arm-none-eabi/lib/armv7e-m/fpu/libc_nano.a(lib_a-nano-vfprintf.o)
 .text.__sfputs_r
                0x0000000000003c7c       0x24 /Users/minqi478/Downloads/gcc-arm-none-eabi-4_9-2015q3/bin/../lib/gcc/arm-none-eabi/4.9.3/../../../../arm-none-eabi/lib/armv7e-m/fpu/libc_nano.a(lib_a-nano-vfprintf.o)
                0x0000000000003c7c                __sfputs_r
 .text._vfprintf_r
                0x0000000000003ca0      0x210 /Users/minqi478/Downloads/gcc-arm-none-eabi-4_9-2015q3/bin/../lib/gcc/arm-none-eabi/4.9.3/../../../../arm-none-eabi/lib/armv7e-m/fpu/libc_nano.a(lib_a-nano-vfprintf.o)
                0x0000000000003ca0                _vfiprintf_r
                0x0000000000003ca0                _vfprintf_r
 .text._printf_common
                0x0000000000003eb0       0xea /Users/minqi478/Downloads/gcc-arm-none-eabi-4_9-2015q3/bin/../lib/gcc/arm-none-eabi/4.9.3/../../../../arm-none-eabi/lib/armv7e-m/fpu/libc_nano.a(lib_a-nano-vfprintf_i.o)
                0x0000000000003eb0                _printf_common
 *fill*         0x0000000000003f9a        0x2 
 .text._printf_i
                0x0000000000003f9c      0x240 /Users/minqi478/Downloads/gcc-arm-none-eabi-4_9-2015q3/bin/../lib/gcc/arm-none-eabi/4.9.3/../../../../arm-none-eabi/lib/armv7e-m/fpu/libc_nano.a(lib_a-nano-vfprintf_i.o)
                0x0000000000003f9c                _printf_i
 .text._sbrk_r  0x00000000000041dc       0x20 /Users/minqi478/Downloads/gcc-arm-none-eabi-4_9-2015q3/bin/../lib/gcc/arm-none-eabi/4.9.3/../../../../arm-none-eabi/lib/armv7e-m/fpu/libc_nano.a(lib_a-sbrkr.o)
                0x00000000000041dc                _sbrk_r
 .text.__sread  0x00000000000041fc       0x22 /Users/minqi478/Downloads/gcc-arm-none-eabi-4_9-2015q3/bin/../lib/gcc/arm-none-eabi/4.9.3/../../../../arm-none-eabi/lib/armv7e-m/fpu/libc_nano.a(lib_a-stdio.o)
                0x00000000000041fc                __sread
 .text.__swrite
                0x000000000000421e       0x38 /Users/minqi478/Downloads/gcc-arm-none-eabi-4_9-2015q3/bin/../lib/gcc/arm-none-eabi/4.9.3/../../../../arm-none-eabi/lib/armv7e-m/fpu/libc_nano.a(lib_a-stdio.o)
                0x000000000000421e                __swrite
 .text.__sseek  0x0000000000004256       0x24 /Users/minqi478/Downloads/gcc-arm-none-eabi-4_9-2015q3/bin/../lib/gcc/arm-none-eabi/4.9.3/../../../../arm-none-eabi/lib/armv7e-m/fpu/libc_nano.a(lib_a-stdio.o)
                0x0000000000004256                __sseek
 .text.__sclose
                0x000000000000427a        0x8 /Users/minqi478/Downloads/gcc-arm-none-eabi-4_9-2015q3/bin/../lib/gcc/arm-none-eabi/4.9.3/../../../../arm-none-eabi/lib/armv7e-m/fpu/libc_nano.a(lib_a-stdio.o)
                0x000000000000427a                __sclose
 *fill*         0x0000000000004282        0x2 
 .text.__swbuf_r
                0x0000000000004284       0xa8 /Users/minqi478/Downloads/gcc-arm-none-eabi-4_9-2015q3/bin/../lib/gcc/arm-none-eabi/4.9.3/../../../../arm-none-eabi/lib/armv7e-m/fpu/libc_nano.a(lib_a-wbuf.o)
                0x0000000000004284                __swbuf_r
 .text._write_r
                0x000000000000432c       0x24 /Users/minqi478/Downloads/gcc-arm-none-eabi-4_9-2015q3/bin/../lib/gcc/arm-none-eabi/4.9.3/../../../../arm-none-eabi/lib/armv7e-m/fpu/libc_nano.a(lib_a-writer.o)
                0x000000000000432c                _write_r
 .text.__swsetup_r
                0x0000000000004350       0xd8 /Users/minqi478/Downloads/gcc-arm-none-eabi-4_9-2015q3/bin/../lib/gcc/arm-none-eabi/4.9.3/../../../../arm-none-eabi/lib/armv7e-m/fpu/libc_nano.a(lib_a-wsetup.o)
                0x0000000000004350                __swsetup_r
 .text._close_r
                0x0000000000004428       0x20 /Users/minqi478/Downloads/gcc-arm-none-eabi-4_9-2015q3/bin/../lib/gcc/arm-none-eabi/4.9.3/../../../../arm-none-eabi/lib/armv7e-m/fpu/libc_nano.a(lib_a-closer.o)
                0x0000000000004428                _close_r
 .text.__sflush_r
                0x0000000000004448      0x108 /Users/minqi478/Downloads/gcc-arm-none-eabi-4_9-2015q3/bin/../lib/gcc/arm-none-eabi/4.9.3/../../../../arm-none-eabi/lib/armv7e-m/fpu/libc_nano.a(lib_a-fflush.o)
                0x0000000000004448                __sflush_r
 .text._fflush_r
                0x0000000000004550       0x54 /Users/minqi478/Downloads/gcc-arm-none-eabi-4_9-2015q3/bin/../lib/gcc/arm-none-eabi/4.9.3/../../../../arm-none-eabi/lib/armv7e-m/fpu/libc_nano.a(lib_a-fflush.o)
                0x0000000000004550                _fflush_r
 .text._lseek_r
                0x00000000000045a4       0x24 /Users/minqi478/Downloads/gcc-arm-none-eabi-4_9-2015q3/bin/../lib/gcc/arm-none-eabi/4.9.3/../../../../arm-none-eabi/lib/armv7e-m/fpu/libc_nano.a(lib_a-lseekr.o)
                0x00000000000045a4                _lseek_r
 .text.__smakebuf_r
                0x00000000000045c8       0x9c /Users/minqi478/Downloads/gcc-arm-none-eabi-4_9-2015q3/bin/../lib/gcc/arm-none-eabi/4.9.3/../../../../arm-none-eabi/lib/armv7e-m/fpu/libc_nano.a(lib_a-makebuf.o)
                0x00000000000045c8                __smakebuf_r
 .text.memchr   0x0000000000004664       0x1e /Users/minqi478/Downloads/gcc-arm-none-eabi-4_9-2015q3/bin/../lib/gcc/arm-none-eabi/4.9.3/../../../../arm-none-eabi/lib/armv7e-m/fpu/libc_nano.a(lib_a-memchr.o)
                0x0000000000004664                memchr
 *fill*         0x0000000000004682        0x2 
 .text._free_r  0x0000000000004684       0x88 /Users/minqi478/Downloads/gcc-arm-none-eabi-4_9-2015q3/bin/../lib/gcc/arm-none-eabi/4.9.3/../../../../arm-none-eabi/lib/armv7e-m/fpu/libc_nano.a(lib_a-nano-freer.o)
                0x0000000000004684                _free_r
 .text._read_r  0x000000000000470c       0x24 /Users/minqi478/Downloads/gcc-arm-none-eabi-4_9-2015q3/bin/../lib/gcc/arm-none-eabi/4.9.3/../../../../arm-none-eabi/lib/armv7e-m/fpu/libc_nano.a(lib_a-readr.o)
                0x000000000000470c                _read_r
 .text._fstat_r
                0x0000000000004730       0x24 /Users/minqi478/Downloads/gcc-arm-none-eabi-4_9-2015q3/bin/../lib/gcc/arm-none-eabi/4.9.3/../../../../arm-none-eabi/lib/armv7e-m/fpu/libc_nano.a(lib_a-fstatr.o)
                0x0000000000004730                _fstat_r
 .text._isatty_r
                0x0000000000004754       0x20 /Users/minqi478/Downloads/gcc-arm-none-eabi-4_9-2015q3/bin/../lib/gcc/arm-none-eabi/4.9.3/../../../../arm-none-eabi/lib/armv7e-m/fpu/libc_nano.a(lib_a-isattyr.o)
                0x0000000000004754                _isatty_r
 .text._close   0x0000000000004774       0x10 /Users/minqi478/Downloads/gcc-arm-none-eabi-4_9-2015q3/bin/../lib/gcc/arm-none-eabi/4.9.3/../../../../arm-none-eabi/lib/armv7e-m/fpu/libnosys.a(close.o)
                0x0000000000004774                _close
 .text._fstat   0x0000000000004784       0x10 /Users/minqi478/Downloads/gcc-arm-none-eabi-4_9-2015q3/bin/../lib/gcc/arm-none-eabi/4.9.3/../../../../arm-none-eabi/lib/armv7e-m/fpu/libnosys.a(fstat.o)
                0x0000000000004784                _fstat
 .text._isatty  0x0000000000004794       0x10 /Users/minqi478/Downloads/gcc-arm-none-eabi-4_9-2015q3/bin/../lib/gcc/arm-none-eabi/4.9.3/../../../../arm-none-eabi/lib/armv7e-m/fpu/libnosys.a(isatty.o)
                0x0000000000004794                _isatty
 .text._lseek   0x00000000000047a4       0x10 /Users/minqi478/Downloads/gcc-arm-none-eabi-4_9-2015q3/bin/../lib/gcc/arm-none-eabi/4.9.3/../../../../arm-none-eabi/lib/armv7e-m/fpu/libnosys.a(lseek.o)
                0x00000000000047a4                _lseek
 .text._sbrk    0x00000000000047b4       0x1c /Users/minqi478/Downloads/gcc-arm-none-eabi-4_9-2015q3/bin/../lib/gcc/arm-none-eabi/4.9.3/../../../../arm-none-eabi/lib/armv7e-m/fpu/libnosys.a(sbrk.o)
                0x00000000000047b4                _sbrk
 *(.init)
 .init          0x00000000000047d0        0x4 /Users/minqi478/Downloads/gcc-arm-none-eabi-4_9-2015q3/bin/../lib/gcc/arm-none-eabi/4.9.3/armv7e-m/fpu/crti.o
                0x00000000000047d0                _init
 .init          0x00000000000047d4        0x8 /Users/minqi478/Downloads/gcc-arm-none-eabi-4_9-2015q3/bin/../lib/gcc/arm-none-eabi/4.9.3/armv7e-m/fpu/crtn.o
 *(.fini)
 .fini          0x00000000000047dc        0x4 /Users/minqi478/Downloads/gcc-arm-none-eabi-4_9-2015q3/bin/../lib/gcc/arm-none-eabi/4.9.3/armv7e-m/fpu/crti.o
                0x00000000000047dc                _fini
 .fini          0x00000000000047e0        0x8 /Users/minqi478/Downloads/gcc-arm-none-eabi-4_9-2015q3/bin/../lib/gcc/arm-none-eabi/4.9.3/armv7e-m/fpu/crtn.o
 *crtbegin.o(.ctors)
 *crtbegin?.o(.ctors)
 *(EXCLUDE_FILE(*crtend.o *crtend?.o) .ctors)
 *(SORT(.ctors.*))
 *(.ctors)
 *crtbegin.o(.dtors)
 *crtbegin?.o(.dtors)
 *(EXCLUDE_FILE(*crtend.o *crtend?.o) .dtors)
 *(SORT(.dtors.*))
 *(.dtors)
 *(.rodata*)
 .rodata.str1.1
                0x00000000000047e8        0x2 /Users/minqi478/Downloads/gcc-arm-none-eabi-4_9-2015q3/bin/../lib/gcc/arm-none-eabi/4.9.3/../../../../arm-none-eabi/lib/armv7e-m/fpu/libc_nano.a(lib_a-impure.o)
 *fill*         0x00000000000047ea        0x2 
 .rodata._global_impure_ptr
                0x00000000000047ec        0x4 /Users/minqi478/Downloads/gcc-arm-none-eabi-4_9-2015q3/bin/../lib/gcc/arm-none-eabi/4.9.3/../../../../arm-none-eabi/lib/armv7e-m/fpu/libc_nano.a(lib_a-impure.o)
                0x00000000000047ec                _global_impure_ptr
 .rodata.m_detection_delay_timer_id
                0x00000000000047f0        0x4 _build/app_button.o
 .rodata        0x00000000000047f4       0x20 _build/app_uart_fifo.o
 .rodata.m_default_config
                0x0000000000004814       0x24 _build/nrf_drv_pwm.o
 .rodata.m_default_config
                0x0000000000004838       0x20 _build/nrf_drv_uart.o
 .rodata.m_button_timer_id
                0x0000000000004858        0x4 _build/bsp.o
 .rodata.m_leds_timer_id
                0x000000000000485c        0x4 _build/bsp.o
 .rodata.app_buttons
                0x0000000000004860       0x20 _build/bsp.o
 .rodata.m_alert_timer_id
                0x0000000000004880        0x4 _build/bsp.o
 .rodata        0x0000000000004884       0xe0 _build/main.o
 .rodata.m_demo1_seq
                0x0000000000004964       0x10 _build/main.o
 .rodata.str1.4
                0x0000000000004974       0x4c _build/main.o
 .rodata.__sf_fake_stdin
                0x00000000000049c0       0x20 /Users/minqi478/Downloads/gcc-arm-none-eabi-4_9-2015q3/bin/../lib/gcc/arm-none-eabi/4.9.3/../../../../arm-none-eabi/lib/armv7e-m/fpu/libc_nano.a(lib_a-findfp.o)
                0x00000000000049c0                __sf_fake_stdin
 .rodata.__sf_fake_stdout
                0x00000000000049e0       0x20 /Users/minqi478/Downloads/gcc-arm-none-eabi-4_9-2015q3/bin/../lib/gcc/arm-none-eabi/4.9.3/../../../../arm-none-eabi/lib/armv7e-m/fpu/libc_nano.a(lib_a-findfp.o)
                0x00000000000049e0                __sf_fake_stdout
 .rodata.__sf_fake_stderr
                0x0000000000004a00       0x20 /Users/minqi478/Downloads/gcc-arm-none-eabi-4_9-2015q3/bin/../lib/gcc/arm-none-eabi/4.9.3/../../../../arm-none-eabi/lib/armv7e-m/fpu/libc_nano.a(lib_a-findfp.o)
                0x0000000000004a00                __sf_fake_stderr
 .rodata.str1.1
                0x0000000000004a20       0x11 /Users/minqi478/Downloads/gcc-arm-none-eabi-4_9-2015q3/bin/../lib/gcc/arm-none-eabi/4.9.3/../../../../arm-none-eabi/lib/armv7e-m/fpu/libc_nano.a(lib_a-nano-vfprintf.o)
 .rodata.str1.1
                0x0000000000004a31       0x22 /Users/minqi478/Downloads/gcc-arm-none-eabi-4_9-2015q3/bin/../lib/gcc/arm-none-eabi/4.9.3/../../../../arm-none-eabi/lib/armv7e-m/fpu/libc_nano.a(lib_a-nano-vfprintf_i.o)
 *(.eh_frame*)
 *fill*         0x0000000000004a53        0x1 
 .eh_frame      0x0000000000004a54        0x0 /Users/minqi478/Downloads/gcc-arm-none-eabi-4_9-2015q3/bin/../lib/gcc/arm-none-eabi/4.9.3/armv7e-m/fpu/crtbegin.o
 .eh_frame      0x0000000000004a54        0x4 /Users/minqi478/Downloads/gcc-arm-none-eabi-4_9-2015q3/bin/../lib/gcc/arm-none-eabi/4.9.3/armv7e-m/fpu/crtend.o

.glue_7         0x0000000000004a58        0x0
 .glue_7        0x0000000000000000        0x0 linker stubs

.glue_7t        0x0000000000004a58        0x0
 .glue_7t       0x0000000000000000        0x0 linker stubs

.vfp11_veneer   0x0000000000004a58        0x0
 .vfp11_veneer  0x0000000000000000        0x0 linker stubs

.v4_bx          0x0000000000004a58        0x0
 .v4_bx         0x0000000000000000        0x0 linker stubs

.iplt           0x0000000000004a58        0x0
 .iplt          0x0000000000000000        0x0 /Users/minqi478/Downloads/gcc-arm-none-eabi-4_9-2015q3/bin/../lib/gcc/arm-none-eabi/4.9.3/armv7e-m/fpu/crtbegin.o

.ARM.extab
 *(.ARM.extab* .gnu.linkonce.armextab.*)
                0x0000000000004a58                __exidx_start = .

.ARM.exidx      0x0000000000004a58        0x8
 *(.ARM.exidx* .gnu.linkonce.armexidx.*)
 .ARM.exidx     0x0000000000004a58        0x8 /Users/minqi478/Downloads/gcc-arm-none-eabi-4_9-2015q3/bin/../lib/gcc/arm-none-eabi/4.9.3/../../../../arm-none-eabi/lib/armv7e-m/fpu/crt0.o
                0x0000000000004a60                __exidx_end = .
                0x0000000000004a60                __etext = .

.rel.dyn        0x0000000000004a60        0x0
 .rel.iplt      0x0000000000000000        0x0 /Users/minqi478/Downloads/gcc-arm-none-eabi-4_9-2015q3/bin/../lib/gcc/arm-none-eabi/4.9.3/armv7e-m/fpu/crtbegin.o

.data           0x0000000020000000       0xd4 load address 0x0000000000004a60
                0x0000000020000000                __data_start__ = .
 *(vtable)
 *(.data*)
 .data.impure_data
                0x0000000020000000       0x60 /Users/minqi478/Downloads/gcc-arm-none-eabi-4_9-2015q3/bin/../lib/gcc/arm-none-eabi/4.9.3/../../../../arm-none-eabi/lib/armv7e-m/fpu/libc_nano.a(lib_a-impure.o)
 .data._impure_ptr
                0x0000000020000060        0x4 /Users/minqi478/Downloads/gcc-arm-none-eabi-4_9-2015q3/bin/../lib/gcc/arm-none-eabi/4.9.3/../../../../arm-none-eabi/lib/armv7e-m/fpu/libc_nano.a(lib_a-impure.o)
                0x0000000020000060                _impure_ptr
 .data.seq_values.8060
                0x0000000020000064       0x20 _build/main.o
 .data.seq1_values.8019
                0x0000000020000084        0xc _build/main.o
 .data.pwm0_seq_values.8035
                0x0000000020000090       0x10 _build/main.o
 .data.m_pwm0   0x00000000200000a0        0x8 _build/main.o
 .data.m_pwm1   0x00000000200000a8        0x8 _build/main.o
 .data.seq_values.8027
                0x00000000200000b0        0xc _build/main.o
 .data.m_pwm2   0x00000000200000bc        0x8 _build/main.o
 .data.SystemCoreClock
                0x00000000200000c4        0x4 _build/system_nrf52.o
                0x00000000200000c4                SystemCoreClock
                0x00000000200000c8                . = ALIGN (0x4)
                0x00000000200000c8                PROVIDE (__preinit_array_start, .)
 *(.preinit_array)
                0x00000000200000c8                PROVIDE (__preinit_array_end, .)
                0x00000000200000c8                . = ALIGN (0x4)
                0x00000000200000c8                PROVIDE (__init_array_start, .)
 *(SORT(.init_array.*))
 *(.init_array)
 .init_array    0x00000000200000c8        0x4 /Users/minqi478/Downloads/gcc-arm-none-eabi-4_9-2015q3/bin/../lib/gcc/arm-none-eabi/4.9.3/armv7e-m/fpu/crtbegin.o
                0x00000000200000cc                PROVIDE (__init_array_end, .)
                0x00000000200000cc                . = ALIGN (0x4)
                0x00000000200000cc                PROVIDE (__fini_array_start, .)
 *(SORT(.fini_array.*))
 *(.fini_array)
 .fini_array    0x00000000200000cc        0x4 /Users/minqi478/Downloads/gcc-arm-none-eabi-4_9-2015q3/bin/../lib/gcc/arm-none-eabi/4.9.3/armv7e-m/fpu/crtbegin.o
                0x00000000200000d0                PROVIDE (__fini_array_end, .)
 *(.jcr*)
 .jcr           0x00000000200000d0        0x0 /Users/minqi478/Downloads/gcc-arm-none-eabi-4_9-2015q3/bin/../lib/gcc/arm-none-eabi/4.9.3/armv7e-m/fpu/crtbegin.o
 .jcr           0x00000000200000d0        0x4 /Users/minqi478/Downloads/gcc-arm-none-eabi-4_9-2015q3/bin/../lib/gcc/arm-none-eabi/4.9.3/armv7e-m/fpu/crtend.o
                0x00000000200000d4                . = ALIGN (0x4)
                0x00000000200000d4                __data_end__ = .
LOAD /Users/minqi478/Downloads/gcc-arm-none-eabi-4_9-2015q3/bin/../lib/gcc/arm-none-eabi/4.9.3/armv7e-m/fpu/crti.o
LOAD /Users/minqi478/Downloads/gcc-arm-none-eabi-4_9-2015q3/bin/../lib/gcc/arm-none-eabi/4.9.3/armv7e-m/fpu/crtbegin.o
LOAD /Users/minqi478/Downloads/gcc-arm-none-eabi-4_9-2015q3/bin/../lib/gcc/arm-none-eabi/4.9.3/../../../../arm-none-eabi/lib/armv7e-m/fpu/crt0.o
LOAD /Users/minqi478/Downloads/gcc-arm-none-eabi-4_9-2015q3/bin/../lib/gcc/arm-none-eabi/4.9.3/../../../../arm-none-eabi/lib/armv7e-m/fpu/libc_nano.a
LOAD /Users/minqi478/Downloads/gcc-arm-none-eabi-4_9-2015q3/bin/../lib/gcc/arm-none-eabi/4.9.3/../../../../arm-none-eabi/lib/armv7e-m/fpu/libnosys.a
LOAD _build/app_button.o
LOAD _build/app_error.o
LOAD _build/app_error_weak.o
LOAD _build/app_fifo.o
LOAD _build/app_timer.o
LOAD _build/app_util_platform.o
LOAD _build/nrf_assert.o
LOAD _build/retarget.o
LOAD _build/app_uart_fifo.o
LOAD _build/nrf_delay.o
LOAD _build/nrf_drv_clock.o
LOAD _build/nrf_drv_common.o
LOAD _build/nrf_drv_gpiote.o
LOAD _build/nrf_drv_pwm.o
LOAD _build/nrf_drv_uart.o
LOAD _build/nrf_nvic.o
LOAD _build/nrf_soc.o
LOAD _build/bsp.o
LOAD _build/main.o
LOAD _build/system_nrf52.o
LOAD _build/gcc_startup_nrf52.o
LOAD /Users/minqi478/Downloads/gcc-arm-none-eabi-4_9-2015q3/bin/../lib/gcc/arm-none-eabi/4.9.3/../../../../arm-none-eabi/lib/armv7e-m/fpu/libm.a
START GROUP
LOAD /Users/minqi478/Downloads/gcc-arm-none-eabi-4_9-2015q3/bin/../lib/gcc/arm-none-eabi/4.9.3/armv7e-m/fpu/libgcc.a
LOAD /Users/minqi478/Downloads/gcc-arm-none-eabi-4_9-2015q3/bin/../lib/gcc/arm-none-eabi/4.9.3/../../../../arm-none-eabi/lib/armv7e-m/fpu/libc_nano.a
END GROUP
START GROUP
LOAD /Users/minqi478/Downloads/gcc-arm-none-eabi-4_9-2015q3/bin/../lib/gcc/arm-none-eabi/4.9.3/armv7e-m/fpu/libgcc.a
LOAD /Users/minqi478/Downloads/gcc-arm-none-eabi-4_9-2015q3/bin/../lib/gcc/arm-none-eabi/4.9.3/../../../../arm-none-eabi/lib/armv7e-m/fpu/libc_nano.a
END GROUP
LOAD /Users/minqi478/Downloads/gcc-arm-none-eabi-4_9-2015q3/bin/../lib/gcc/arm-none-eabi/4.9.3/armv7e-m/fpu/crtend.o
LOAD /Users/minqi478/Downloads/gcc-arm-none-eabi-4_9-2015q3/bin/../lib/gcc/arm-none-eabi/4.9.3/armv7e-m/fpu/crtn.o
START GROUP
LOAD /Users/minqi478/Downloads/gcc-arm-none-eabi-4_9-2015q3/bin/../lib/gcc/arm-none-eabi/4.9.3/armv7e-m/fpu/libgcc.a
LOAD /Users/minqi478/Downloads/gcc-arm-none-eabi-4_9-2015q3/bin/../lib/gcc/arm-none-eabi/4.9.3/../../../../arm-none-eabi/lib/armv7e-m/fpu/libc.a
LOAD /Users/minqi478/Downloads/gcc-arm-none-eabi-4_9-2015q3/bin/../lib/gcc/arm-none-eabi/4.9.3/../../../../arm-none-eabi/lib/armv7e-m/fpu/libnosys.a
END GROUP

.igot.plt       0x00000000200000d4        0x0 load address 0x0000000000004b34
 .igot.plt      0x0000000000000000        0x0 /Users/minqi478/Downloads/gcc-arm-none-eabi-4_9-2015q3/bin/../lib/gcc/arm-none-eabi/4.9.3/armv7e-m/fpu/crtbegin.o

.fs_data        0x00000000200000d4        0x0
                0x00000000200000d4                PROVIDE (__start_fs_data, .)
 *(.fs_data)
                0x00000000200000d4                PROVIDE (__stop_fs_data, .)

.bss            0x00000000200000d4      0x52c load address 0x0000000000004b34
                0x00000000200000d4                . = ALIGN (0x4)
                0x00000000200000d4                __bss_start__ = .
 *(.bss*)
 .bss           0x00000000200000d4       0x1c /Users/minqi478/Downloads/gcc-arm-none-eabi-4_9-2015q3/bin/../lib/gcc/arm-none-eabi/4.9.3/armv7e-m/fpu/crtbegin.o
 .bss.m_detection_delay
                0x00000000200000f0        0x4 _build/app_button.o
 .bss.mp_buttons
                0x00000000200000f4        0x4 _build/app_button.o
 .bss.m_button_count
                0x00000000200000f8        0x1 _build/app_button.o
 *fill*         0x00000000200000f9        0x3 
 .bss.m_detection_delay_timer_id_data
                0x00000000200000fc       0x20 _build/app_button.o
 .bss.m_pin_state
                0x000000002000011c        0x4 _build/app_button.o
 .bss.m_pin_transition
                0x0000000020000120        0x4 _build/app_button.o
 .bss.m_ticks_latest
                0x0000000020000124        0x4 _build/app_timer.o
 .bss.mp_timer_id_head
                0x0000000020000128        0x4 _build/app_timer.o
 .bss.m_evt_schedule_func
                0x000000002000012c        0x4 _build/app_timer.o
 .bss.m_user_array_size
                0x0000000020000130        0x1 _build/app_timer.o
 *fill*         0x0000000020000131        0x3 
 .bss.mp_users  0x0000000020000134        0x4 _build/app_timer.o
 .bss.m_ticks_elapsed_q_read_ind
                0x0000000020000138        0x1 _build/app_timer.o
 .bss.m_ticks_elapsed_q_write_ind
                0x0000000020000139        0x1 _build/app_timer.o
 .bss.m_rtc1_reset
                0x000000002000013a        0x1 _build/app_timer.o
 *fill*         0x000000002000013b        0x1 
 .bss.m_ticks_elapsed
                0x000000002000013c        0x8 _build/app_timer.o
 .bss.m_rtc1_running
                0x0000000020000144        0x1 _build/app_timer.o
 *fill*         0x0000000020000145        0x3 
 .bss.m_in_critical_region
                0x0000000020000148        0x4 _build/app_util_platform.o
 .bss.tx_buffer
                0x000000002000014c        0x1 _build/app_uart_fifo.o
 *fill*         0x000000002000014d        0x3 
 .bss.m_event_handler
                0x0000000020000150        0x4 _build/app_uart_fifo.o
 .bss.rx_buffer
                0x0000000020000154        0x1 _build/app_uart_fifo.o
 *fill*         0x0000000020000155        0x3 
 .bss.m_tx_fifo
                0x0000000020000158       0x10 _build/app_uart_fifo.o
 .bss.m_rx_fifo
                0x0000000020000168       0x10 _build/app_uart_fifo.o
 .bss.m_clock_cb
                0x0000000020000178       0x14 _build/nrf_drv_clock.o
 .bss.m_cb      0x000000002000018c       0x58 _build/nrf_drv_gpiote.o
 .bss.m_cb      0x00000000200001e4       0x18 _build/nrf_drv_pwm.o
 .bss.m_cb      0x00000000200001fc       0x20 _build/nrf_drv_uart.o
 .bss.m_leds_timer_id_data
                0x000000002000021c       0x20 _build/bsp.o
 .bss.m_alert_mask
                0x000000002000023c        0x4 _build/bsp.o
 .bss.m_indication_type
                0x0000000020000240        0x4 _build/bsp.o
 .bss.m_alert_timer_id_data
                0x0000000020000244       0x20 _build/bsp.o
 .bss.current_long_push_pin_no.7179
                0x0000000020000264        0x1 _build/bsp.o
 *fill*         0x0000000020000265        0x3 
 .bss.m_app_ticks_per_100ms
                0x0000000020000268        0x4 _build/bsp.o
 .bss.m_registered_callback
                0x000000002000026c        0x4 _build/bsp.o
 .bss.m_button_timer_id_data
                0x0000000020000270       0x20 _build/bsp.o
 .bss.m_stable_state
                0x0000000020000290        0x1 _build/bsp.o
 *fill*         0x0000000020000291        0x3 
 .bss.release_event_at_push.7180
                0x0000000020000294        0x4 _build/bsp.o
 .bss.m_events_list
                0x0000000020000298        0xc _build/bsp.o
 .bss.rx_buf.8091
                0x00000000200002a4        0x1 _build/main.o
 *fill*         0x00000000200002a5        0x3 
 .bss.tx_buf.8092
                0x00000000200002a8      0x100 _build/main.o
 .bss.m_demo1_seq_values
                0x00000000200003a8        0x8 _build/main.o
 .bss.m_demo1_phase
                0x00000000200003b0        0x1 _build/main.o
 *fill*         0x00000000200003b1        0x3 
 .bss.APP_TIMER_BUF.8077
                0x00000000200003b4      0x138 _build/main.o
 .bss.demo_idx.8068
                0x00000000200004ec        0x1 _build/main.o
 *fill*         0x00000000200004ed        0x3 
 .bss.seq0_values.8011
                0x00000000200004f0       0x32 _build/main.o
 .bss.m_used    0x0000000020000522        0x1 _build/main.o
 *fill*         0x0000000020000523        0x1 
 .bss.stay_off_values.8047
                0x0000000020000524        0x4 _build/main.o
 .bss.fade_in_out_values.8040
                0x0000000020000528       0xc8 _build/main.o
 .bss.__malloc_sbrk_start
                0x00000000200005f0        0x4 /Users/minqi478/Downloads/gcc-arm-none-eabi-4_9-2015q3/bin/../lib/gcc/arm-none-eabi/4.9.3/../../../../arm-none-eabi/lib/armv7e-m/fpu/libc_nano.a(lib_a-nano-mallocr.o)
                0x00000000200005f0                __malloc_sbrk_start
 .bss.__malloc_free_list
                0x00000000200005f4        0x4 /Users/minqi478/Downloads/gcc-arm-none-eabi-4_9-2015q3/bin/../lib/gcc/arm-none-eabi/4.9.3/../../../../arm-none-eabi/lib/armv7e-m/fpu/libc_nano.a(lib_a-nano-mallocr.o)
                0x00000000200005f4                __malloc_free_list
 .bss.heap_end.4079
                0x00000000200005f8        0x4 /Users/minqi478/Downloads/gcc-arm-none-eabi-4_9-2015q3/bin/../lib/gcc/arm-none-eabi/4.9.3/../../../../arm-none-eabi/lib/armv7e-m/fpu/libnosys.a(sbrk.o)
 *(COMMON)
 COMMON         0x00000000200005fc        0x4 /Users/minqi478/Downloads/gcc-arm-none-eabi-4_9-2015q3/bin/../lib/gcc/arm-none-eabi/4.9.3/../../../../arm-none-eabi/lib/armv7e-m/fpu/libc_nano.a(lib_a-reent.o)
                0x00000000200005fc                errno
                0x0000000020000600                . = ALIGN (0x4)
                0x0000000020000600                __bss_end__ = .

.heap           0x0000000020000600     0x2000
                0x0000000020000600                __end__ = .
                0x0000000020000600                PROVIDE (end, .)
 *(.heap*)
 .heap          0x0000000020000600     0x2000 _build/gcc_startup_nrf52.o
                0x0000000020000600                __HeapBase
                0x0000000020002600                __HeapLimit = .

.stack_dummy    0x0000000020000600     0x2000
 *(.stack*)
 .stack         0x0000000020000600     0x2000 _build/gcc_startup_nrf52.o
                0x0000000020010000                __StackTop = (ORIGIN (RAM) + 0x10000)
                0x000000002000e000                __StackLimit = (__StackTop - SIZEOF (.stack_dummy))
                0x0000000020010000                PROVIDE (__stack, __StackTop)
                0x0000000000000001                ASSERT ((__StackLimit >= __HeapLimit), region RAM overflowed with stack)
OUTPUT(_build/nrf52832_xxaa.out elf32-littlearm)

.ARM.attributes
                0x0000000000000000       0x30
 .ARM.attributes
                0x0000000000000000       0x22 /Users/minqi478/Downloads/gcc-arm-none-eabi-4_9-2015q3/bin/../lib/gcc/arm-none-eabi/4.9.3/armv7e-m/fpu/crti.o
 .ARM.attributes
                0x0000000000000022       0x34 /Users/minqi478/Downloads/gcc-arm-none-eabi-4_9-2015q3/bin/../lib/gcc/arm-none-eabi/4.9.3/armv7e-m/fpu/crtbegin.o
 .ARM.attributes
                0x0000000000000056       0x20 /Users/minqi478/Downloads/gcc-arm-none-eabi-4_9-2015q3/bin/../lib/gcc/arm-none-eabi/4.9.3/../../../../arm-none-eabi/lib/armv7e-m/fpu/crt0.o
 .ARM.attributes
                0x0000000000000076       0x34 /Users/minqi478/Downloads/gcc-arm-none-eabi-4_9-2015q3/bin/../lib/gcc/arm-none-eabi/4.9.3/../../../../arm-none-eabi/lib/armv7e-m/fpu/libc_nano.a(lib_a-exit.o)
 .ARM.attributes
                0x00000000000000aa       0x34 /Users/minqi478/Downloads/gcc-arm-none-eabi-4_9-2015q3/bin/../lib/gcc/arm-none-eabi/4.9.3/../../../../arm-none-eabi/lib/armv7e-m/fpu/libc_nano.a(lib_a-impure.o)
 .ARM.attributes
                0x00000000000000de       0x34 /Users/minqi478/Downloads/gcc-arm-none-eabi-4_9-2015q3/bin/../lib/gcc/arm-none-eabi/4.9.3/../../../../arm-none-eabi/lib/armv7e-m/fpu/libc_nano.a(lib_a-init.o)
 .ARM.attributes
                0x0000000000000112       0x34 /Users/minqi478/Downloads/gcc-arm-none-eabi-4_9-2015q3/bin/../lib/gcc/arm-none-eabi/4.9.3/../../../../arm-none-eabi/lib/armv7e-m/fpu/libc_nano.a(lib_a-memset.o)
 .ARM.attributes
                0x0000000000000146       0x34 /Users/minqi478/Downloads/gcc-arm-none-eabi-4_9-2015q3/bin/../lib/gcc/arm-none-eabi/4.9.3/../../../../arm-none-eabi/lib/armv7e-m/fpu/libnosys.a(_exit.o)
 .ARM.attributes
                0x000000000000017a       0x39 _build/app_button.o
 .ARM.attributes
                0x00000000000001b3       0x39 _build/app_error.o
 .ARM.attributes
                0x00000000000001ec       0x39 _build/app_error_weak.o
 .ARM.attributes
                0x0000000000000225       0x39 _build/app_fifo.o
 .ARM.attributes
                0x000000000000025e       0x39 _build/app_timer.o
 .ARM.attributes
                0x0000000000000297       0x39 _build/app_util_platform.o
 .ARM.attributes
                0x00000000000002d0       0x39 _build/retarget.o
 .ARM.attributes
                0x0000000000000309       0x39 _build/app_uart_fifo.o
 .ARM.attributes
                0x0000000000000342       0x39 _build/nrf_drv_clock.o
 .ARM.attributes
                0x000000000000037b       0x39 _build/nrf_drv_common.o
 .ARM.attributes
                0x00000000000003b4       0x39 _build/nrf_drv_gpiote.o
 .ARM.attributes
                0x00000000000003ed       0x39 _build/nrf_drv_pwm.o
 .ARM.attributes
                0x0000000000000426       0x39 _build/nrf_drv_uart.o
 .ARM.attributes
                0x000000000000045f       0x39 _build/bsp.o
 .ARM.attributes
                0x0000000000000498       0x39 _build/main.o
 .ARM.attributes
                0x00000000000004d1       0x39 _build/system_nrf52.o
 .ARM.attributes
                0x000000000000050a       0x1c _build/gcc_startup_nrf52.o
 .ARM.attributes
                0x0000000000000526       0x34 /Users/minqi478/Downloads/gcc-arm-none-eabi-4_9-2015q3/bin/../lib/gcc/arm-none-eabi/4.9.3/../../../../arm-none-eabi/lib/armv7e-m/fpu/libc_nano.a(lib_a-printf.o)
 .ARM.attributes
                0x000000000000055a       0x34 /Users/minqi478/Downloads/gcc-arm-none-eabi-4_9-2015q3/bin/../lib/gcc/arm-none-eabi/4.9.3/../../../../arm-none-eabi/lib/armv7e-m/fpu/libc_nano.a(lib_a-findfp.o)
 .ARM.attributes
                0x000000000000058e       0x34 /Users/minqi478/Downloads/gcc-arm-none-eabi-4_9-2015q3/bin/../lib/gcc/arm-none-eabi/4.9.3/../../../../arm-none-eabi/lib/armv7e-m/fpu/libc_nano.a(lib_a-fwalk.o)
 .ARM.attributes
                0x00000000000005c2       0x34 /Users/minqi478/Downloads/gcc-arm-none-eabi-4_9-2015q3/bin/../lib/gcc/arm-none-eabi/4.9.3/../../../../arm-none-eabi/lib/armv7e-m/fpu/libc_nano.a(lib_a-nano-mallocr.o)
 .ARM.attributes
                0x00000000000005f6       0x34 /Users/minqi478/Downloads/gcc-arm-none-eabi-4_9-2015q3/bin/../lib/gcc/arm-none-eabi/4.9.3/../../../../arm-none-eabi/lib/armv7e-m/fpu/libc_nano.a(lib_a-nano-vfprintf.o)
 .ARM.attributes
                0x000000000000062a       0x34 /Users/minqi478/Downloads/gcc-arm-none-eabi-4_9-2015q3/bin/../lib/gcc/arm-none-eabi/4.9.3/../../../../arm-none-eabi/lib/armv7e-m/fpu/libc_nano.a(lib_a-nano-vfprintf_i.o)
 .ARM.attributes
                0x000000000000065e       0x34 /Users/minqi478/Downloads/gcc-arm-none-eabi-4_9-2015q3/bin/../lib/gcc/arm-none-eabi/4.9.3/../../../../arm-none-eabi/lib/armv7e-m/fpu/libc_nano.a(lib_a-sbrkr.o)
 .ARM.attributes
                0x0000000000000692       0x34 /Users/minqi478/Downloads/gcc-arm-none-eabi-4_9-2015q3/bin/../lib/gcc/arm-none-eabi/4.9.3/../../../../arm-none-eabi/lib/armv7e-m/fpu/libc_nano.a(lib_a-stdio.o)
 .ARM.attributes
                0x00000000000006c6       0x34 /Users/minqi478/Downloads/gcc-arm-none-eabi-4_9-2015q3/bin/../lib/gcc/arm-none-eabi/4.9.3/../../../../arm-none-eabi/lib/armv7e-m/fpu/libc_nano.a(lib_a-wbuf.o)
 .ARM.attributes
                0x00000000000006fa       0x34 /Users/minqi478/Downloads/gcc-arm-none-eabi-4_9-2015q3/bin/../lib/gcc/arm-none-eabi/4.9.3/../../../../arm-none-eabi/lib/armv7e-m/fpu/libc_nano.a(lib_a-writer.o)
 .ARM.attributes
                0x000000000000072e       0x34 /Users/minqi478/Downloads/gcc-arm-none-eabi-4_9-2015q3/bin/../lib/gcc/arm-none-eabi/4.9.3/../../../../arm-none-eabi/lib/armv7e-m/fpu/libc_nano.a(lib_a-wsetup.o)
 .ARM.attributes
                0x0000000000000762       0x34 /Users/minqi478/Downloads/gcc-arm-none-eabi-4_9-2015q3/bin/../lib/gcc/arm-none-eabi/4.9.3/../../../../arm-none-eabi/lib/armv7e-m/fpu/libc_nano.a(lib_a-closer.o)
 .ARM.attributes
                0x0000000000000796       0x34 /Users/minqi478/Downloads/gcc-arm-none-eabi-4_9-2015q3/bin/../lib/gcc/arm-none-eabi/4.9.3/../../../../arm-none-eabi/lib/armv7e-m/fpu/libc_nano.a(lib_a-fflush.o)
 .ARM.attributes
                0x00000000000007ca       0x34 /Users/minqi478/Downloads/gcc-arm-none-eabi-4_9-2015q3/bin/../lib/gcc/arm-none-eabi/4.9.3/../../../../arm-none-eabi/lib/armv7e-m/fpu/libc_nano.a(lib_a-lseekr.o)
 .ARM.attributes
                0x00000000000007fe       0x34 /Users/minqi478/Downloads/gcc-arm-none-eabi-4_9-2015q3/bin/../lib/gcc/arm-none-eabi/4.9.3/../../../../arm-none-eabi/lib/armv7e-m/fpu/libc_nano.a(lib_a-makebuf.o)
 .ARM.attributes
                0x0000000000000832       0x34 /Users/minqi478/Downloads/gcc-arm-none-eabi-4_9-2015q3/bin/../lib/gcc/arm-none-eabi/4.9.3/../../../../arm-none-eabi/lib/armv7e-m/fpu/libc_nano.a(lib_a-memchr.o)
 .ARM.attributes
                0x0000000000000866       0x34 /Users/minqi478/Downloads/gcc-arm-none-eabi-4_9-2015q3/bin/../lib/gcc/arm-none-eabi/4.9.3/../../../../arm-none-eabi/lib/armv7e-m/fpu/libc_nano.a(lib_a-nano-freer.o)
 .ARM.attributes
                0x000000000000089a       0x34 /Users/minqi478/Downloads/gcc-arm-none-eabi-4_9-2015q3/bin/../lib/gcc/arm-none-eabi/4.9.3/../../../../arm-none-eabi/lib/armv7e-m/fpu/libc_nano.a(lib_a-readr.o)
 .ARM.attributes
                0x00000000000008ce       0x34 /Users/minqi478/Downloads/gcc-arm-none-eabi-4_9-2015q3/bin/../lib/gcc/arm-none-eabi/4.9.3/../../../../arm-none-eabi/lib/armv7e-m/fpu/libc_nano.a(lib_a-reent.o)
 .ARM.attributes
                0x0000000000000902       0x34 /Users/minqi478/Downloads/gcc-arm-none-eabi-4_9-2015q3/bin/../lib/gcc/arm-none-eabi/4.9.3/../../../../arm-none-eabi/lib/armv7e-m/fpu/libc_nano.a(lib_a-fstatr.o)
 .ARM.attributes
                0x0000000000000936       0x34 /Users/minqi478/Downloads/gcc-arm-none-eabi-4_9-2015q3/bin/../lib/gcc/arm-none-eabi/4.9.3/../../../../arm-none-eabi/lib/armv7e-m/fpu/libc_nano.a(lib_a-isattyr.o)
 .ARM.attributes
                0x000000000000096a       0x34 /Users/minqi478/Downloads/gcc-arm-none-eabi-4_9-2015q3/bin/../lib/gcc/arm-none-eabi/4.9.3/armv7e-m/fpu/crtend.o
 .ARM.attributes
                0x000000000000099e       0x22 /Users/minqi478/Downloads/gcc-arm-none-eabi-4_9-2015q3/bin/../lib/gcc/arm-none-eabi/4.9.3/armv7e-m/fpu/crtn.o
 .ARM.attributes
                0x00000000000009c0       0x34 /Users/minqi478/Downloads/gcc-arm-none-eabi-4_9-2015q3/bin/../lib/gcc/arm-none-eabi/4.9.3/../../../../arm-none-eabi/lib/armv7e-m/fpu/libnosys.a(close.o)
 .ARM.attributes
                0x00000000000009f4       0x34 /Users/minqi478/Downloads/gcc-arm-none-eabi-4_9-2015q3/bin/../lib/gcc/arm-none-eabi/4.9.3/../../../../arm-none-eabi/lib/armv7e-m/fpu/libnosys.a(fstat.o)
 .ARM.attributes
                0x0000000000000a28       0x34 /Users/minqi478/Downloads/gcc-arm-none-eabi-4_9-2015q3/bin/../lib/gcc/arm-none-eabi/4.9.3/../../../../arm-none-eabi/lib/armv7e-m/fpu/libnosys.a(isatty.o)
 .ARM.attributes
                0x0000000000000a5c       0x34 /Users/minqi478/Downloads/gcc-arm-none-eabi-4_9-2015q3/bin/../lib/gcc/arm-none-eabi/4.9.3/../../../../arm-none-eabi/lib/armv7e-m/fpu/libnosys.a(lseek.o)
 .ARM.attributes
                0x0000000000000a90       0x34 /Users/minqi478/Downloads/gcc-arm-none-eabi-4_9-2015q3/bin/../lib/gcc/arm-none-eabi/4.9.3/../../../../arm-none-eabi/lib/armv7e-m/fpu/libnosys.a(sbrk.o)

.comment        0x0000000000000000       0x70
 .comment       0x0000000000000000       0x70 _build/app_button.o
                                         0x71 (size before relaxing)
 .comment       0x0000000000000000       0x71 _build/app_error.o
 .comment       0x0000000000000000       0x71 _build/app_error_weak.o
 .comment       0x0000000000000000       0x71 _build/app_fifo.o
 .comment       0x0000000000000000       0x71 _build/app_timer.o
 .comment       0x0000000000000000       0x71 _build/app_util_platform.o
 .comment       0x0000000000000000       0x71 _build/retarget.o
 .comment       0x0000000000000000       0x71 _build/app_uart_fifo.o
 .comment       0x0000000000000000       0x71 _build/nrf_drv_clock.o
 .comment       0x0000000000000000       0x71 _build/nrf_drv_common.o
 .comment       0x0000000000000000       0x71 _build/nrf_drv_gpiote.o
 .comment       0x0000000000000000       0x71 _build/nrf_drv_pwm.o
 .comment       0x0000000000000000       0x71 _build/nrf_drv_uart.o
 .comment       0x0000000000000000       0x71 _build/bsp.o
 .comment       0x0000000000000000       0x71 _build/main.o
 .comment       0x0000000000000000       0x71 _build/system_nrf52.o

.debug_frame    0x0000000000000000     0x171c
 .debug_frame   0x0000000000000000       0x28 /Users/minqi478/Downloads/gcc-arm-none-eabi-4_9-2015q3/bin/../lib/gcc/arm-none-eabi/4.9.3/../../../../arm-none-eabi/lib/armv7e-m/fpu/libc_nano.a(lib_a-exit.o)
 .debug_frame   0x0000000000000028       0x2c /Users/minqi478/Downloads/gcc-arm-none-eabi-4_9-2015q3/bin/../lib/gcc/arm-none-eabi/4.9.3/../../../../arm-none-eabi/lib/armv7e-m/fpu/libc_nano.a(lib_a-init.o)
 .debug_frame   0x0000000000000054       0x20 /Users/minqi478/Downloads/gcc-arm-none-eabi-4_9-2015q3/bin/../lib/gcc/arm-none-eabi/4.9.3/../../../../arm-none-eabi/lib/armv7e-m/fpu/libc_nano.a(lib_a-memset.o)
 .debug_frame   0x0000000000000074       0x20 /Users/minqi478/Downloads/gcc-arm-none-eabi-4_9-2015q3/bin/../lib/gcc/arm-none-eabi/4.9.3/../../../../arm-none-eabi/lib/armv7e-m/fpu/libnosys.a(_exit.o)
 .debug_frame   0x0000000000000094       0xe4 _build/app_button.o
 .debug_frame   0x0000000000000178       0x70 _build/app_error.o
 .debug_frame   0x00000000000001e8       0x20 _build/app_error_weak.o
 .debug_frame   0x0000000000000208       0xfc _build/app_fifo.o
 .debug_frame   0x0000000000000304      0x170 _build/app_timer.o
 .debug_frame   0x0000000000000474       0x50 _build/app_util_platform.o
 .debug_frame   0x00000000000004c4       0x44 _build/retarget.o
 .debug_frame   0x0000000000000508       0xd8 _build/app_uart_fifo.o
 .debug_frame   0x00000000000005e0      0x138 _build/nrf_drv_clock.o
 .debug_frame   0x0000000000000718       0x2c _build/nrf_drv_common.o
 .debug_frame   0x0000000000000744      0x210 _build/nrf_drv_gpiote.o
 .debug_frame   0x0000000000000954      0x138 _build/nrf_drv_pwm.o
 .debug_frame   0x0000000000000a8c      0x158 _build/nrf_drv_uart.o
 .debug_frame   0x0000000000000be4      0x24c _build/bsp.o
 .debug_frame   0x0000000000000e30      0x17c _build/main.o
 .debug_frame   0x0000000000000fac       0x40 _build/system_nrf52.o
 .debug_frame   0x0000000000000fec       0x74 /Users/minqi478/Downloads/gcc-arm-none-eabi-4_9-2015q3/bin/../lib/gcc/arm-none-eabi/4.9.3/../../../../arm-none-eabi/lib/armv7e-m/fpu/libc_nano.a(lib_a-printf.o)
 .debug_frame   0x0000000000001060      0x11c /Users/minqi478/Downloads/gcc-arm-none-eabi-4_9-2015q3/bin/../lib/gcc/arm-none-eabi/4.9.3/../../../../arm-none-eabi/lib/armv7e-m/fpu/libc_nano.a(lib_a-findfp.o)
 .debug_frame   0x000000000000117c       0x54 /Users/minqi478/Downloads/gcc-arm-none-eabi-4_9-2015q3/bin/../lib/gcc/arm-none-eabi/4.9.3/../../../../arm-none-eabi/lib/armv7e-m/fpu/libc_nano.a(lib_a-fwalk.o)
 .debug_frame   0x00000000000011d0       0x2c /Users/minqi478/Downloads/gcc-arm-none-eabi-4_9-2015q3/bin/../lib/gcc/arm-none-eabi/4.9.3/../../../../arm-none-eabi/lib/armv7e-m/fpu/libc_nano.a(lib_a-nano-mallocr.o)
 .debug_frame   0x00000000000011fc       0xb8 /Users/minqi478/Downloads/gcc-arm-none-eabi-4_9-2015q3/bin/../lib/gcc/arm-none-eabi/4.9.3/../../../../arm-none-eabi/lib/armv7e-m/fpu/libc_nano.a(lib_a-nano-vfprintf.o)
 .debug_frame   0x00000000000012b4       0x58 /Users/minqi478/Downloads/gcc-arm-none-eabi-4_9-2015q3/bin/../lib/gcc/arm-none-eabi/4.9.3/../../../../arm-none-eabi/lib/armv7e-m/fpu/libc_nano.a(lib_a-nano-vfprintf_i.o)
 .debug_frame   0x000000000000130c       0x2c /Users/minqi478/Downloads/gcc-arm-none-eabi-4_9-2015q3/bin/../lib/gcc/arm-none-eabi/4.9.3/../../../../arm-none-eabi/lib/armv7e-m/fpu/libc_nano.a(lib_a-sbrkr.o)
 .debug_frame   0x0000000000001338       0x88 /Users/minqi478/Downloads/gcc-arm-none-eabi-4_9-2015q3/bin/../lib/gcc/arm-none-eabi/4.9.3/../../../../arm-none-eabi/lib/armv7e-m/fpu/libc_nano.a(lib_a-stdio.o)
 .debug_frame   0x00000000000013c0       0x3c /Users/minqi478/Downloads/gcc-arm-none-eabi-4_9-2015q3/bin/../lib/gcc/arm-none-eabi/4.9.3/../../../../arm-none-eabi/lib/armv7e-m/fpu/libc_nano.a(lib_a-wbuf.o)
 .debug_frame   0x00000000000013fc       0x2c /Users/minqi478/Downloads/gcc-arm-none-eabi-4_9-2015q3/bin/../lib/gcc/arm-none-eabi/4.9.3/../../../../arm-none-eabi/lib/armv7e-m/fpu/libc_nano.a(lib_a-writer.o)
 .debug_frame   0x0000000000001428       0x2c /Users/minqi478/Downloads/gcc-arm-none-eabi-4_9-2015q3/bin/../lib/gcc/arm-none-eabi/4.9.3/../../../../arm-none-eabi/lib/armv7e-m/fpu/libc_nano.a(lib_a-wsetup.o)
 .debug_frame   0x0000000000001454       0x2c /Users/minqi478/Downloads/gcc-arm-none-eabi-4_9-2015q3/bin/../lib/gcc/arm-none-eabi/4.9.3/../../../../arm-none-eabi/lib/armv7e-m/fpu/libc_nano.a(lib_a-closer.o)
 .debug_frame   0x0000000000001480       0x68 /Users/minqi478/Downloads/gcc-arm-none-eabi-4_9-2015q3/bin/../lib/gcc/arm-none-eabi/4.9.3/../../../../arm-none-eabi/lib/armv7e-m/fpu/libc_nano.a(lib_a-fflush.o)
 .debug_frame   0x00000000000014e8       0x2c /Users/minqi478/Downloads/gcc-arm-none-eabi-4_9-2015q3/bin/../lib/gcc/arm-none-eabi/4.9.3/../../../../arm-none-eabi/lib/armv7e-m/fpu/libc_nano.a(lib_a-lseekr.o)
 .debug_frame   0x0000000000001514       0x34 /Users/minqi478/Downloads/gcc-arm-none-eabi-4_9-2015q3/bin/../lib/gcc/arm-none-eabi/4.9.3/../../../../arm-none-eabi/lib/armv7e-m/fpu/libc_nano.a(lib_a-makebuf.o)
 .debug_frame   0x0000000000001548       0x28 /Users/minqi478/Downloads/gcc-arm-none-eabi-4_9-2015q3/bin/../lib/gcc/arm-none-eabi/4.9.3/../../../../arm-none-eabi/lib/armv7e-m/fpu/libc_nano.a(lib_a-memchr.o)
 .debug_frame   0x0000000000001570       0x2c /Users/minqi478/Downloads/gcc-arm-none-eabi-4_9-2015q3/bin/../lib/gcc/arm-none-eabi/4.9.3/../../../../arm-none-eabi/lib/armv7e-m/fpu/libc_nano.a(lib_a-nano-freer.o)
 .debug_frame   0x000000000000159c       0x2c /Users/minqi478/Downloads/gcc-arm-none-eabi-4_9-2015q3/bin/../lib/gcc/arm-none-eabi/4.9.3/../../../../arm-none-eabi/lib/armv7e-m/fpu/libc_nano.a(lib_a-readr.o)
 .debug_frame   0x00000000000015c8       0x5c /Users/minqi478/Downloads/gcc-arm-none-eabi-4_9-2015q3/bin/../lib/gcc/arm-none-eabi/4.9.3/../../../../arm-none-eabi/lib/armv7e-m/fpu/libc_nano.a(lib_a-reent.o)
 .debug_frame   0x0000000000001624       0x2c /Users/minqi478/Downloads/gcc-arm-none-eabi-4_9-2015q3/bin/../lib/gcc/arm-none-eabi/4.9.3/../../../../arm-none-eabi/lib/armv7e-m/fpu/libc_nano.a(lib_a-fstatr.o)
 .debug_frame   0x0000000000001650       0x2c /Users/minqi478/Downloads/gcc-arm-none-eabi-4_9-2015q3/bin/../lib/gcc/arm-none-eabi/4.9.3/../../../../arm-none-eabi/lib/armv7e-m/fpu/libc_nano.a(lib_a-isattyr.o)
 .debug_frame   0x000000000000167c       0x20 /Users/minqi478/Downloads/gcc-arm-none-eabi-4_9-2015q3/bin/../lib/gcc/arm-none-eabi/4.9.3/../../../../arm-none-eabi/lib/armv7e-m/fpu/libnosys.a(close.o)
 .debug_frame   0x000000000000169c       0x20 /Users/minqi478/Downloads/gcc-arm-none-eabi-4_9-2015q3/bin/../lib/gcc/arm-none-eabi/4.9.3/../../../../arm-none-eabi/lib/armv7e-m/fpu/libnosys.a(fstat.o)
 .debug_frame   0x00000000000016bc       0x20 /Users/minqi478/Downloads/gcc-arm-none-eabi-4_9-2015q3/bin/../lib/gcc/arm-none-eabi/4.9.3/../../../../arm-none-eabi/lib/armv7e-m/fpu/libnosys.a(isatty.o)
 .debug_frame   0x00000000000016dc       0x20 /Users/minqi478/Downloads/gcc-arm-none-eabi-4_9-2015q3/bin/../lib/gcc/arm-none-eabi/4.9.3/../../../../arm-none-eabi/lib/armv7e-m/fpu/libnosys.a(lseek.o)
 .debug_frame   0x00000000000016fc       0x20 /Users/minqi478/Downloads/gcc-arm-none-eabi-4_9-2015q3/bin/../lib/gcc/arm-none-eabi/4.9.3/../../../../arm-none-eabi/lib/armv7e-m/fpu/libnosys.a(sbrk.o)

.debug_info     0x0000000000000000    0x1121b
 .debug_info    0x0000000000000000      0x6d1 _build/app_button.o
 .debug_info    0x00000000000006d1      0x35b _build/app_error.o
 .debug_info    0x0000000000000a2c      0x315 _build/app_error_weak.o
 .debug_info    0x0000000000000d41      0x603 _build/app_fifo.o
 .debug_info    0x0000000000001344     0x1cf3 _build/app_timer.o
 .debug_info    0x0000000000003037      0x1e8 _build/app_util_platform.o
 .debug_info    0x000000000000321f      0x9e3 _build/retarget.o
 .debug_info    0x0000000000003c02      0xb3d _build/app_uart_fifo.o
 .debug_info    0x000000000000473f     0x1068 _build/nrf_drv_clock.o
 .debug_info    0x00000000000057a7      0x5c6 _build/nrf_drv_common.o
 .debug_info    0x0000000000005d6d     0x2099 _build/nrf_drv_gpiote.o
 .debug_info    0x0000000000007e06     0x23d1 _build/nrf_drv_pwm.o
 .debug_info    0x000000000000a1d7     0x38af _build/nrf_drv_uart.o
 .debug_info    0x000000000000da86     0x10cb _build/bsp.o
 .debug_info    0x000000000000eb51     0x1909 _build/main.o
 .debug_info    0x000000000001045a      0xdc1 _build/system_nrf52.o

.debug_abbrev   0x0000000000000000     0x2b7b
 .debug_abbrev  0x0000000000000000      0x21e _build/app_button.o
 .debug_abbrev  0x000000000000021e      0x141 _build/app_error.o
 .debug_abbrev  0x000000000000035f      0x128 _build/app_error_weak.o
 .debug_abbrev  0x0000000000000487      0x18c _build/app_fifo.o
 .debug_abbrev  0x0000000000000613      0x41f _build/app_timer.o
 .debug_abbrev  0x0000000000000a32       0xf4 _build/app_util_platform.o
 .debug_abbrev  0x0000000000000b26      0x234 _build/retarget.o
 .debug_abbrev  0x0000000000000d5a      0x261 _build/app_uart_fifo.o
 .debug_abbrev  0x0000000000000fbb      0x3dd _build/nrf_drv_clock.o
 .debug_abbrev  0x0000000000001398      0x186 _build/nrf_drv_common.o
 .debug_abbrev  0x000000000000151e      0x488 _build/nrf_drv_gpiote.o
 .debug_abbrev  0x00000000000019a6      0x3f0 _build/nrf_drv_pwm.o
 .debug_abbrev  0x0000000000001d96      0x40d _build/nrf_drv_uart.o
 .debug_abbrev  0x00000000000021a3      0x3e7 _build/bsp.o
 .debug_abbrev  0x000000000000258a      0x41e _build/main.o
 .debug_abbrev  0x00000000000029a8      0x1d3 _build/system_nrf52.o

.debug_loc      0x0000000000000000     0x9ac8
 .debug_loc     0x0000000000000000      0x3d7 _build/app_button.o
 .debug_loc     0x00000000000003d7      0x145 _build/app_error.o
 .debug_loc     0x000000000000051c       0x42 _build/app_error_weak.o
 .debug_loc     0x000000000000055e      0x647 _build/app_fifo.o
 .debug_loc     0x0000000000000ba5     0x10b9 _build/app_timer.o
 .debug_loc     0x0000000000001c5e       0xf4 _build/retarget.o
 .debug_loc     0x0000000000001d52      0x42c _build/app_uart_fifo.o
 .debug_loc     0x000000000000217e      0x21f _build/nrf_drv_clock.o
 .debug_loc     0x000000000000239d       0xd6 _build/nrf_drv_common.o
 .debug_loc     0x0000000000002473     0x1c11 _build/nrf_drv_gpiote.o
 .debug_loc     0x0000000000004084     0x1a19 _build/nrf_drv_pwm.o
 .debug_loc     0x0000000000005a9d     0x21ec _build/nrf_drv_uart.o
 .debug_loc     0x0000000000007c89     0x1870 _build/bsp.o
 .debug_loc     0x00000000000094f9      0x5cf _build/main.o

.debug_aranges  0x0000000000000000      0x528
 .debug_aranges
                0x0000000000000000       0x48 _build/app_button.o
 .debug_aranges
                0x0000000000000048       0x30 _build/app_error.o
 .debug_aranges
                0x0000000000000078       0x20 _build/app_error_weak.o
 .debug_aranges
                0x0000000000000098       0x50 _build/app_fifo.o
 .debug_aranges
                0x00000000000000e8       0x68 _build/app_timer.o
 .debug_aranges
                0x0000000000000150       0x38 _build/app_util_platform.o
 .debug_aranges
                0x0000000000000188       0x28 _build/retarget.o
 .debug_aranges
                0x00000000000001b0       0x48 _build/app_uart_fifo.o
 .debug_aranges
                0x00000000000001f8       0x78 _build/nrf_drv_clock.o
 .debug_aranges
                0x0000000000000270       0x20 _build/nrf_drv_common.o
 .debug_aranges
                0x0000000000000290       0xb8 _build/nrf_drv_gpiote.o
 .debug_aranges
                0x0000000000000348       0x60 _build/nrf_drv_pwm.o
 .debug_aranges
                0x00000000000003a8       0x70 _build/nrf_drv_uart.o
 .debug_aranges
                0x0000000000000418       0x80 _build/bsp.o
 .debug_aranges
                0x0000000000000498       0x68 _build/main.o
 .debug_aranges
                0x0000000000000500       0x28 _build/system_nrf52.o

.debug_ranges   0x0000000000000000     0x2840
 .debug_ranges  0x0000000000000000       0xa0 _build/app_button.o
 .debug_ranges  0x00000000000000a0       0x20 _build/app_error.o
 .debug_ranges  0x00000000000000c0       0x10 _build/app_error_weak.o
 .debug_ranges  0x00000000000000d0      0x128 _build/app_fifo.o
 .debug_ranges  0x00000000000001f8      0x5e0 _build/app_timer.o
 .debug_ranges  0x00000000000007d8       0x28 _build/app_util_platform.o
 .debug_ranges  0x0000000000000800       0x18 _build/retarget.o
 .debug_ranges  0x0000000000000818       0x80 _build/app_uart_fifo.o
 .debug_ranges  0x0000000000000898      0x270 _build/nrf_drv_clock.o
 .debug_ranges  0x0000000000000b08       0x30 _build/nrf_drv_common.o
 .debug_ranges  0x0000000000000b38      0x940 _build/nrf_drv_gpiote.o
 .debug_ranges  0x0000000000001478      0x3e8 _build/nrf_drv_pwm.o
 .debug_ranges  0x0000000000001860      0xab8 _build/nrf_drv_uart.o
 .debug_ranges  0x0000000000002318      0x2a0 _build/bsp.o
 .debug_ranges  0x00000000000025b8      0x198 _build/main.o
 .debug_ranges  0x0000000000002750       0xf0 _build/system_nrf52.o

.debug_macro    0x0000000000000000    0x177cd
 .debug_macro   0x0000000000000000      0x2c4 _build/app_button.o
 .debug_macro   0x00000000000002c4      0x8e6 _build/app_button.o
 .debug_macro   0x0000000000000baa       0x22 _build/app_button.o
 .debug_macro   0x0000000000000bcc       0x44 _build/app_button.o
 .debug_macro   0x0000000000000c10       0xe3 _build/app_button.o
 .debug_macro   0x0000000000000cf3       0x22 _build/app_button.o
 .debug_macro   0x0000000000000d15      0x1df _build/app_button.o
 .debug_macro   0x0000000000000ef4       0x22 _build/app_button.o
 .debug_macro   0x0000000000000f16       0x1c _build/app_button.o
 .debug_macro   0x0000000000000f32       0x2d _build/app_button.o
 .debug_macro   0x0000000000000f5f       0x3b _build/app_button.o
 .debug_macro   0x0000000000000f9a       0x50 _build/app_button.o
 .debug_macro   0x0000000000000fea      0xe66 _build/app_button.o
 .debug_macro   0x0000000000001e50      0x3a0 _build/app_button.o
 .debug_macro   0x00000000000021f0    0x10245 _build/app_button.o
 .debug_macro   0x0000000000012435     0x12c7 _build/app_button.o
 .debug_macro   0x00000000000136fc       0x7c _build/app_button.o
 .debug_macro   0x0000000000013778       0x1c _build/app_button.o
 .debug_macro   0x0000000000013794       0x58 _build/app_button.o
 .debug_macro   0x00000000000137ec       0x35 _build/app_button.o
 .debug_macro   0x0000000000013821       0x9c _build/app_button.o
 .debug_macro   0x00000000000138bd       0x16 _build/app_button.o
 .debug_macro   0x00000000000138d3       0x97 _build/app_button.o
 .debug_macro   0x000000000001396a      0x29d _build/app_button.o
 .debug_macro   0x0000000000013c07       0xef _build/app_button.o
 .debug_macro   0x0000000000013cf6       0x10 _build/app_button.o
 .debug_macro   0x0000000000013d06       0x52 _build/app_button.o
 .debug_macro   0x0000000000013d58       0x16 _build/app_button.o
 .debug_macro   0x0000000000013d6e       0x43 _build/app_button.o
 .debug_macro   0x0000000000013db1      0x180 _build/app_button.o
 .debug_macro   0x0000000000013f31       0x10 _build/app_button.o
 .debug_macro   0x0000000000013f41       0x22 _build/app_button.o
 .debug_macro   0x0000000000013f63       0xbe _build/app_button.o
 .debug_macro   0x0000000000014021       0x16 _build/app_button.o
 .debug_macro   0x0000000000014037      0x197 _build/app_button.o
 .debug_macro   0x00000000000141ce       0x8e _build/app_button.o
 .debug_macro   0x000000000001425c       0x70 _build/app_button.o
 .debug_macro   0x00000000000142cc      0x11e _build/app_button.o
 .debug_macro   0x00000000000143ea       0x52 _build/app_button.o
 .debug_macro   0x000000000001443c       0x67 _build/app_button.o
 .debug_macro   0x00000000000144a3       0xbb _build/app_button.o
 .debug_macro   0x000000000001455e       0x2b _build/app_button.o
 .debug_macro   0x0000000000014589       0x10 _build/app_button.o
 .debug_macro   0x0000000000014599       0x1c _build/app_button.o
 .debug_macro   0x00000000000145b5       0x47 _build/app_button.o
 .debug_macro   0x00000000000145fc       0x11 _build/app_button.o
 .debug_macro   0x000000000001460d      0x291 _build/app_button.o
 .debug_macro   0x000000000001489e       0x2e _build/app_button.o
 .debug_macro   0x00000000000148cc       0x16 _build/app_button.o
 .debug_macro   0x00000000000148e2       0x35 _build/app_button.o
 .debug_macro   0x0000000000014917       0x22 _build/app_button.o
 .debug_macro   0x0000000000014939       0x37 _build/app_button.o
 .debug_macro   0x0000000000014970      0x228 _build/app_error.o
 .debug_macro   0x0000000000014b98       0x35 _build/app_error.o
 .debug_macro   0x0000000000014bcd      0x222 _build/app_error_weak.o
 .debug_macro   0x0000000000014def      0x212 _build/app_fifo.o
 .debug_macro   0x0000000000015001       0x16 _build/app_fifo.o
 .debug_macro   0x0000000000015017      0x10e _build/app_fifo.o
 .debug_macro   0x0000000000015125       0x7f _build/app_fifo.o
 .debug_macro   0x00000000000151a4       0x16 _build/app_fifo.o
 .debug_macro   0x00000000000151ba       0x29 _build/app_fifo.o
 .debug_macro   0x00000000000151e3       0x28 _build/app_fifo.o
 .debug_macro   0x000000000001520b      0x322 _build/app_timer.o
 .debug_macro   0x000000000001552d       0x41 _build/app_timer.o
 .debug_macro   0x000000000001556e       0x60 _build/app_timer.o
 .debug_macro   0x00000000000155ce       0x16 _build/app_timer.o
 .debug_macro   0x00000000000155e4      0x23b _build/app_util_platform.o
 .debug_macro   0x000000000001581f       0x6d _build/app_util_platform.o
 .debug_macro   0x000000000001588c      0x248 _build/retarget.o
 .debug_macro   0x0000000000015ad4       0x4a _build/retarget.o
 .debug_macro   0x0000000000015b1e       0x17 _build/retarget.o
 .debug_macro   0x0000000000015b35      0x314 _build/app_uart_fifo.o
 .debug_macro   0x0000000000015e49       0x10 _build/app_uart_fifo.o
 .debug_macro   0x0000000000015e59      0x2ba _build/nrf_drv_clock.o
 .debug_macro   0x0000000000016113       0x10 _build/nrf_drv_clock.o
 .debug_macro   0x0000000000016123       0x10 _build/nrf_drv_clock.o
 .debug_macro   0x0000000000016133      0x271 _build/nrf_drv_common.o
 .debug_macro   0x00000000000163a4      0x166 _build/nrf_drv_common.o
 .debug_macro   0x000000000001650a      0x2c1 _build/nrf_drv_gpiote.o
 .debug_macro   0x00000000000167cb      0x2a6 _build/nrf_drv_pwm.o
 .debug_macro   0x0000000000016a71       0x10 _build/nrf_drv_pwm.o
 .debug_macro   0x0000000000016a81       0x1c _build/nrf_drv_pwm.o
 .debug_macro   0x0000000000016a9d       0x17 _build/nrf_drv_pwm.o
 .debug_macro   0x0000000000016ab4       0x1c _build/nrf_drv_pwm.o
 .debug_macro   0x0000000000016ad0      0x2d4 _build/nrf_drv_uart.o
 .debug_macro   0x0000000000016da4      0x2d9 _build/bsp.o
 .debug_macro   0x000000000001707d      0x280 _build/bsp.o
 .debug_macro   0x00000000000172fd       0x22 _build/bsp.o
 .debug_macro   0x000000000001731f       0x5e _build/bsp.o
 .debug_macro   0x000000000001737d      0x32b _build/main.o
 .debug_macro   0x00000000000176a8       0x1d _build/main.o
 .debug_macro   0x00000000000176c5       0x22 _build/main.o
 .debug_macro   0x00000000000176e7       0xe6 _build/system_nrf52.o

.debug_line     0x0000000000000000     0x944f
 .debug_line    0x0000000000000000      0x8ac _build/app_button.o
 .debug_line    0x00000000000008ac      0x595 _build/app_error.o
 .debug_line    0x0000000000000e41      0x55c _build/app_error_weak.o
 .debug_line    0x000000000000139d      0x6d3 _build/app_fifo.o
 .debug_line    0x0000000000001a70      0xbd8 _build/app_timer.o
 .debug_line    0x0000000000002648      0x5bf _build/app_util_platform.o
 .debug_line    0x0000000000002c07      0x5dc _build/retarget.o
 .debug_line    0x00000000000031e3      0x8f9 _build/app_uart_fifo.o
 .debug_line    0x0000000000003adc      0x9ba _build/nrf_drv_clock.o
 .debug_line    0x0000000000004496      0x6c1 _build/nrf_drv_common.o
 .debug_line    0x0000000000004b57      0xf58 _build/nrf_drv_gpiote.o
 .debug_line    0x0000000000005aaf      0xd48 _build/nrf_drv_pwm.o
 .debug_line    0x00000000000067f7     0x100e _build/nrf_drv_uart.o
 .debug_line    0x0000000000007805      0xb4e _build/bsp.o
 .debug_line    0x0000000000008353      0xc5b _build/main.o
 .debug_line    0x0000000000008fae      0x4a1 _build/system_nrf52.o

.debug_str      0x0000000000000000    0x791ad
 .debug_str     0x0000000000000000    0x719db _build/app_button.o
                                      0x72574 (size before relaxing)
 .debug_str     0x00000000000719db      0x143 _build/app_error.o
                                      0x70aed (size before relaxing)
 .debug_str     0x0000000000071b1e       0xd3 _build/app_error_weak.o
                                      0x70a67 (size before relaxing)
 .debug_str     0x0000000000071bf1      0x262 _build/app_fifo.o
                                      0x6fc7c (size before relaxing)
 .debug_str     0x0000000000071e53      0xe70 _build/app_timer.o
                                      0x72237 (size before relaxing)
 .debug_str     0x0000000000072cc3       0xdf _build/app_util_platform.o
                                      0x70c17 (size before relaxing)
 .debug_str     0x0000000000072da2      0x64a _build/retarget.o
                                      0x711b8 (size before relaxing)
 .debug_str     0x00000000000733ec      0x8ab _build/app_uart_fifo.o
                                      0x726fe (size before relaxing)
 .debug_str     0x0000000000073c97      0x93d _build/nrf_drv_clock.o
                                      0x723b9 (size before relaxing)
 .debug_str     0x00000000000745d4       0x5c _build/nrf_drv_common.o
                                      0x71a3f (size before relaxing)
 .debug_str     0x0000000000074630      0xeda _build/nrf_drv_gpiote.o
                                      0x73050 (size before relaxing)
 .debug_str     0x000000000007550a      0xe48 _build/nrf_drv_pwm.o
                                      0x72c77 (size before relaxing)
 .debug_str     0x0000000000076352      0xf83 _build/nrf_drv_uart.o
                                      0x733fc (size before relaxing)
 .debug_str     0x00000000000772d5     0x19d5 _build/bsp.o
                                      0x72966 (size before relaxing)
 .debug_str     0x0000000000078caa      0x26e _build/main.o
                                      0x73fcc (size before relaxing)
 .debug_str     0x0000000000078f18      0x295 _build/system_nrf52.o
                                      0x6c69d (size before relaxing)

.stab           0x0000000000000000       0x6c
 .stab          0x0000000000000000       0x24 /Users/minqi478/Downloads/gcc-arm-none-eabi-4_9-2015q3/bin/../lib/gcc/arm-none-eabi/4.9.3/../../../../arm-none-eabi/lib/armv7e-m/fpu/libnosys.a(close.o)
 .stab          0x0000000000000024       0x18 /Users/minqi478/Downloads/gcc-arm-none-eabi-4_9-2015q3/bin/../lib/gcc/arm-none-eabi/4.9.3/../../../../arm-none-eabi/lib/armv7e-m/fpu/libnosys.a(fstat.o)
                                         0x24 (size before relaxing)
 .stab          0x000000000000003c       0x18 /Users/minqi478/Downloads/gcc-arm-none-eabi-4_9-2015q3/bin/../lib/gcc/arm-none-eabi/4.9.3/../../../../arm-none-eabi/lib/armv7e-m/fpu/libnosys.a(isatty.o)
                                         0x24 (size before relaxing)
 .stab          0x0000000000000054       0x18 /Users/minqi478/Downloads/gcc-arm-none-eabi-4_9-2015q3/bin/../lib/gcc/arm-none-eabi/4.9.3/../../../../arm-none-eabi/lib/armv7e-m/fpu/libnosys.a(lseek.o)
                                         0x24 (size before relaxing)

.stabstr        0x0000000000000000       0xe3
 .stabstr       0x0000000000000000       0xe3 /Users/minqi478/Downloads/gcc-arm-none-eabi-4_9-2015q3/bin/../lib/gcc/arm-none-eabi/4.9.3/../../../../arm-none-eabi/lib/armv7e-m/fpu/libnosys.a(close.o)
